C51 COMPILER V9.60.0.0   MAIN                                                              11/12/2023 00:16:34 PAGE 1   


C51 COMPILER V9.60.0.0, COMPILATION OF MODULE MAIN
OBJECT MODULE PLACED IN .\Objects\main.obj
COMPILER INVOKED BY: C:\Keil_v5\C51\BIN\C51.EXE main.c OPTIMIZE(8,SPEED) BROWSE DEBUG OBJECTEXTEND PRINT(.\Listings\main
                    -.lst) TABS(2) OBJECT(.\Objects\main.obj)

line level    source

   1          #include "main.h"
   2          
   3          byte code SEVEN_SEGMENT_LED_ANODE_CODES[] = {0xC0, 0xF9, 0xA4, 0xB0, 0x99, 0x92, 0x82, 0xF8, 0x80, 0x90, 0
             -x88, 0x83, 0xC6, 0xA1, 0x86, 0x8E};
   4          
   5          void setup()
   6          {
   7   1        // setup code here, to run once:
   8   1        
   9   1      }
  10          
  11          unsigned char code_index;
  12          
  13          void loop()
  14          {
  15   1        // code section to run repeatedly:
  16   1        byte bytes_arr[3];
  17   1        unsigned char byte_index;
  18   1        for(byte_index = 0; byte_index < sizeof(bytes_arr)/sizeof(bytes_arr[0]); byte_index++)
  19   1        {
  20   2          bytes_arr[byte_index] = SEVEN_SEGMENT_LED_ANODE_CODES[(code_index + byte_index) % 10];
  21   2        }
  22   1        code_index += sizeof(bytes_arr);
  23   1        
  24   1        IC74595_pushBytes(bytes_arr, sizeof(bytes_arr));
  25   1        delay_ms(1000);
  26   1      }
  27          
  28          void main()
  29          {
  30   1        setup();
  31   1        while(TRUE)
  32   1        {
  33   2          loop();
  34   2        }
  35   1      }


MODULE INFORMATION:   STATIC OVERLAYABLE
   CODE SIZE        =     84    ----
   CONSTANT SIZE    =     16    ----
   XDATA SIZE       =   ----    ----
   PDATA SIZE       =   ----    ----
   DATA SIZE        =      1       3
   IDATA SIZE       =   ----    ----
   BIT SIZE         =   ----    ----
END OF MODULE INFORMATION.


C51 COMPILATION COMPLETE.  0 WARNING(S),  0 ERROR(S)
