C51 COMPILER V9.60.0.0   MAIN                                                              11/12/2023 00:06:58 PAGE 1   


C51 COMPILER V9.60.0.0, COMPILATION OF MODULE MAIN
OBJECT MODULE PLACED IN .\Objects\main.obj
COMPILER INVOKED BY: C:\Keil_v5\C51\BIN\C51.EXE main.c OPTIMIZE(8,SPEED) BROWSE DEBUG OBJECTEXTEND PRINT(.\Listings\main
                    -.lst) TABS(2) OBJECT(.\Objects\main.obj)

line level    source

   1          #include "main.h"
   2          
   3          void setup()
   4          {
   5   1        // setup code here, to run once:
   6   1        BUTTON_PIN = LOW; // Active high
   7   1        RELAY_PIN = HIGH; // Active low
   8   1      }
   9          
  10          void loop()
  11          {
  12   1        // code section to run repeatedly:
  13   1        BUTTON_PIN = LOW;
  14   1        if(BUTTON_PIN == HIGH)
  15   1        {
  16   2          delay_ms(20);
  17   2          if(BUTTON_PIN == HIGH)
  18   2          {
  19   3            RELAY_PIN = !RELAY_PIN;
  20   3            while(BUTTON_PIN == HIGH);
  21   3          }
  22   2        }
  23   1      }
  24          
  25          void main()
  26          {
  27   1        setup();
  28   1        while(TRUE)
  29   1        {
  30   2          loop();
  31   2        }
  32   1      }


MODULE INFORMATION:   STATIC OVERLAYABLE
   CODE SIZE        =     34    ----
   CONSTANT SIZE    =   ----    ----
   XDATA SIZE       =   ----    ----
   PDATA SIZE       =   ----    ----
   DATA SIZE        =   ----    ----
   IDATA SIZE       =   ----    ----
   BIT SIZE         =   ----    ----
END OF MODULE INFORMATION.


C51 COMPILATION COMPLETE.  0 WARNING(S),  0 ERROR(S)
