C51 COMPILER V9.60.0.0   MAIN                                                              11/12/2023 00:10:27 PAGE 1   


C51 COMPILER V9.60.0.0, COMPILATION OF MODULE MAIN
OBJECT MODULE PLACED IN .\Objects\main.obj
COMPILER INVOKED BY: C:\Keil_v5\C51\BIN\C51.EXE main.c OPTIMIZE(8,SPEED) BROWSE DEBUG OBJECTEXTEND PRINT(.\Listings\main
                    -.lst) TABS(2) OBJECT(.\Objects\main.obj)

line level    source

   1          #include "main.h"
   2          
   3          void setup()
   4          {
   5   1        // setup code here, to run once:
   6   1        
   7   1      }
   8          
   9          void loop()
  10          {
  11   1        // code section to run repeatedly:
  12   1        BUTTON_PIN = LOW;
  13   1        if(BUTTON_PIN == HIGH)
  14   1        {
  15   2          delay_ms(20);
  16   2          LED_PIN = !LED_PIN;
  17   2          while(BUTTON_PIN == HIGH)
  18   2          {
  19   3            // Waiting for button to be released
  20   3          }
  21   2        }
  22   1      }
  23          
  24          void main()
  25          {
  26   1        setup();
  27   1        while(TRUE)
  28   1        {
  29   2          loop();
  30   2        }
  31   1      }


MODULE INFORMATION:   STATIC OVERLAYABLE
   CODE SIZE        =     27    ----
   CONSTANT SIZE    =   ----    ----
   XDATA SIZE       =   ----    ----
   PDATA SIZE       =   ----    ----
   DATA SIZE        =   ----    ----
   IDATA SIZE       =   ----    ----
   BIT SIZE         =   ----    ----
END OF MODULE INFORMATION.


C51 COMPILATION COMPLETE.  0 WARNING(S),  0 ERROR(S)
