C51 COMPILER V9.60.0.0   DELAY_MS                                                          11/11/2023 02:52:09 PAGE 1   


C51 COMPILER V9.60.0.0, COMPILATION OF MODULE DELAY_MS
OBJECT MODULE PLACED IN .\Objects\delay_ms.obj
COMPILER INVOKED BY: C:\Keil_v5\C51\BIN\C51.EXE ..\..\Libraries\Delay\delay_ms.c OPTIMIZE(8,SPEED) BROWSE DEBUG OBJECTEX
                    -TEND PRINT(.\Listings\delay_ms.lst) TABS(2) OBJECT(.\Objects\delay_ms.obj)

line level    source

   1          #include "delay_ms.h"
   2          #include "main.h"
   3          
   4          #if(FREQ_OSC == 12000000)
   5          #define TIME_SCALE 123
   6          #elif(FREQ_OSC == 11059200)
              #define TIME_SCALE 113
              #elif(FREQ_OSC == 8000000)
              #define TIME_SCALE 218
              #else
              #error "No any delay_ms for that FREQ_OSC"
              #endif
  13          
  14          void delay_ms(unsigned int t_delay_ms)
  15          {
  16   1        unsigned int x, y;
  17   1        for(x = 0; x < t_delay_ms; x++)
  18   1        {
  19   2          for(y = 0; y < TIME_SCALE; y++)
  20   2          {
  21   3            // Khong lam gi ca
  22   3          }
  23   2        }
  24   1      }
  25          
  26          void delay_us(unsigned int t_delay_us)
  27          {
  28   1        unsigned int x, y;
  29   1        for(x = 0; x < t_delay_us; x++)
  30   1        {
  31   2          for(y = 0; y < TIME_SCALE; y++)
  32   2          {
  33   3            // Khong lam gi ca
  34   3          }
  35   2        }
  36   1      }


MODULE INFORMATION:   STATIC OVERLAYABLE
   CODE SIZE        =     64    ----
   CONSTANT SIZE    =   ----    ----
   XDATA SIZE       =   ----    ----
   PDATA SIZE       =   ----    ----
   DATA SIZE        =   ----    ----
   IDATA SIZE       =   ----    ----
   BIT SIZE         =   ----    ----
END OF MODULE INFORMATION.


C51 COMPILATION COMPLETE.  0 WARNING(S),  0 ERROR(S)
