C51 COMPILER V9.60.0.0   DELAY                                                             11/12/2023 04:32:45 PAGE 1   


C51 COMPILER V9.60.0.0, COMPILATION OF MODULE DELAY
OBJECT MODULE PLACED IN .\Objects\delay.obj
COMPILER INVOKED BY: C:\Keil_v5\C51\BIN\C51.EXE ..\..\Libraries\Delay\delay.c OPTIMIZE(8,SPEED) BROWSE DEBUG OBJECTEXTEN
                    -D PRINT(.\Listings\delay.lst) TABS(2) OBJECT(.\Objects\delay.obj)

line level    source

   1          #include "delay.h"
   2          
   3          /* Example settings.h
   4          #ifndef SETTINGS_H
   5          // {
   6            #define SETTINGS_H
   7            
   8            ...
   9            #define FREQ_OSC FREQ_12MHZ
  10            #define DELAY_MODE DELAY_USING_FOR_LOOP
  11            ...
  12          // }
  13          #endif
  14          */
  15          
  16          #ifndef FREQ_OSC
              // {
                #error "FREQ_OSC not defined!"
              // }
              #endif
  21          
  22          #ifndef DELAY_MODE
              // {
                #error "DELAY_MODE not defined!"
              // }
              #endif
  27          
  28          
  29          #if (defined(FREQ_OSC) && defined(DELAY_MODE))
  30          // {
  31            #if (DELAY_MODE == DELAY_USING_FOR_LOOP)
  32            // {
  33              #if (FREQ_OSC == FREQ_12MHZ)
  34              // {
  35                #define TIME_SCALE 123
  36              // }
  37              #elif (FREQ_OSC == FREQ_11_0592MHZ)
                  // {
                    #define TIME_SCALE 113
                  // }
                  #elif (FREQ_OSC == FREQ_8MHZ)
                  // {
                    #define TIME_SCALE 218
                  // }
                  #else
                  // {
                    #error "No delay for that FREQ_OSC"
                  // }
                  #endif
  50              
  51              #ifdef TIME_SCALE
  52              // {
  53                void delay_ms(unsigned int t_delay_ms)
  54                {
C51 COMPILER V9.60.0.0   DELAY                                                             11/12/2023 04:32:45 PAGE 2   

  55   1              unsigned int x, y;
  56   1              for (x = 0; x < t_delay_ms; x++)
  57   1              {
  58   2                for (y = 0; y < TIME_SCALE; y++)
  59   2                {
  60   3                  // Do nothing
  61   3                }
  62   2              }
  63   1            }
  64              // }
  65              #endif
  66            // }
  67            #elif (DELAY_MODE == DELAY_USING_TIMER_0)
                // {
                
                // }
                #elif (DELAY_MODE == DELAY_USING_TIMER_1)
                // {
                
                // }
                #else
                // {
                  #error "Invalid DELAY_MODE!"
                // }
                #endif
  80          // }
  81          #endif


MODULE INFORMATION:   STATIC OVERLAYABLE
   CODE SIZE        =     32    ----
   CONSTANT SIZE    =   ----    ----
   XDATA SIZE       =   ----    ----
   PDATA SIZE       =   ----    ----
   DATA SIZE        =   ----    ----
   IDATA SIZE       =   ----    ----
   BIT SIZE         =   ----    ----
END OF MODULE INFORMATION.


C51 COMPILATION COMPLETE.  0 WARNING(S),  0 ERROR(S)
