C51 COMPILER V9.60.0.0   MAIN                                                              11/12/2023 04:32:44 PAGE 1   


C51 COMPILER V9.60.0.0, COMPILATION OF MODULE MAIN
OBJECT MODULE PLACED IN .\Objects\main.obj
COMPILER INVOKED BY: C:\Keil_v5\C51\BIN\C51.EXE main.c OPTIMIZE(8,SPEED) BROWSE DEBUG OBJECTEXTEND PRINT(.\Listings\main
                    -.lst) TABS(2) OBJECT(.\Objects\main.obj)

line level    source

   1          #include "main.h"
   2          
   3          void setup()
   4          {
   5   1        // setup code here, to run once:
   6   1        LCD_RW = LOW; // Write
   7   1        LCD_turn_screen(ON);
   8   1        LCD_print_string("Hello world 123123");
   9   1        delay_ms(1000);
  10   1        LCD_turn_screen(OFF);
  11   1        LCD_print_char('X');
  12   1        delay_ms(1000);
  13   1        LCD_turn_screen_on_with_cursor(OFF);
  14   1      }
  15          
  16          void loop()
  17          {
  18   1        // code section to run repeatedly:
  19   1        //P3 = 0;
  20   1      }
  21          
  22          void main()
  23          {
  24   1        setup();
  25   1        while(TRUE)
  26   1        {
  27   2          loop();
  28   2        }
  29   1      }


MODULE INFORMATION:   STATIC OVERLAYABLE
   CODE SIZE        =     54    ----
   CONSTANT SIZE    =     19    ----
   XDATA SIZE       =   ----    ----
   PDATA SIZE       =   ----    ----
   DATA SIZE        =   ----    ----
   IDATA SIZE       =   ----    ----
   BIT SIZE         =   ----    ----
END OF MODULE INFORMATION.


C51 COMPILATION COMPLETE.  0 WARNING(S),  0 ERROR(S)
