C51 COMPILER V9.60.0.0   IC74595                                                           11/12/2023 00:13:03 PAGE 1   


C51 COMPILER V9.60.0.0, COMPILATION OF MODULE IC74595
OBJECT MODULE PLACED IN .\Objects\ic74595.obj
COMPILER INVOKED BY: C:\Keil_v5\C51\BIN\C51.EXE ..\..\Libraries\IC74595\ic74595.c OPTIMIZE(8,SPEED) BROWSE DEBUG OBJECTE
                    -XTEND PRINT(.\Listings\ic74595.lst) TABS(2) OBJECT(.\Objects\ic74595.obj)

line level    source

   1          #include "..\Common\common.h"
   2          #include "port.h"
   3          #include "ic74595.h"
   4          
   5          void IC74595_pushByte(byte byte_value)
   6          {
   7   1        unsigned char bit_index;
   8   1        for(bit_index = 0; bit_index < 8; bit_index++)
   9   1        {
  10   2          IC74595_DS_PIN = byte_value & (0x80 >> bit_index);  // Push bit
  11   2          IC74595_SH_CP_PIN = LOW;    // Shift latch pulse
  12   2          IC74595_SH_CP_PIN = HIGH;
  13   2        }
  14   1        IC74595_ST_CP_PIN = LOW;  // Output latch pulse
  15   1        IC74595_ST_CP_PIN = HIGH;
  16   1      }
  17          
  18          void IC74595_pushBytes(byte *p_bytes_arr, unsigned char number_of_bytes)
  19          {
  20   1        unsigned char byte_index;
  21   1        for(byte_index = 0; byte_index < number_of_bytes; byte_index++)
  22   1        {
  23   2          byte byte_value = *(p_bytes_arr + byte_index);
  24   2          unsigned char bit_index;
  25   2          for(bit_index = 0; bit_index < 8; bit_index++)
  26   2          {
  27   3            IC74595_DS_PIN = byte_value & (0x80 >> bit_index);  // Push bit
  28   3            IC74595_SH_CP_PIN = LOW;    // Shift latch pulse
  29   3            IC74595_SH_CP_PIN = HIGH;
  30   3          }
  31   2        }
  32   1        IC74595_ST_CP_PIN = LOW;  // Output latch pulse
  33   1        IC74595_ST_CP_PIN = HIGH;
  34   1      }


MODULE INFORMATION:   STATIC OVERLAYABLE
   CODE SIZE        =    145    ----
   CONSTANT SIZE    =   ----    ----
   XDATA SIZE       =   ----    ----
   PDATA SIZE       =   ----    ----
   DATA SIZE        =   ----       7
   IDATA SIZE       =   ----    ----
   BIT SIZE         =   ----    ----
END OF MODULE INFORMATION.


C51 COMPILATION COMPLETE.  0 WARNING(S),  0 ERROR(S)
